"1","80","10.1","bBC","2020-10-03","2020-10-01 10:00:00.000"
