"1","Jack Dawson","2020-10-03 01:02:34.000"
"2","Xander Thomas",""
"3","Jay Macdonald","2020-10-01 10:20:30.000"
