"name","date","id"
"Jack Dawson","2020-10-03 01:02:34.000","1"
"Xander Thomas","","2"
"Jay Macdonald","2020-10-01 10:20:30.000","3"
