"1",""""""""
"2","'''"
"3","```"
"4","1234úěščřžýáíé+!@#$%^&*()"
"5","	a
b
c	d"
