"1","80","10.1","bBC","2020-10-03","2020-10-01 10:00:00.000"
"3","60","20.3","aBC","2020-10-01","2020-10-02 10:00:00.000"
"2","70","50.2","3BC","2020-10-02","2020-10-03 10:00:00.000"
"5","40","60.5","cBC","2020-10-06","2020-10-04 10:00:00.000"
"8","10","70.8","eBC","2020-10-07","2020-10-05 10:00:00.000"
"7","20","40.7","dBC","2020-10-08","2020-10-06 10:00:00.000"
"6","30","30.6","2BC","2020-10-04","2020-10-07 10:00:00.000"
"4","50","80.4","1BC","2020-10-05","2020-10-08 10:00:00.000"
