"8","10","70.8","eBC","2020-10-07","2020-10-05 10:00:00.000"
"7","20","40.7","dBC","2020-10-08","2020-10-06 10:00:00.000"
"6","30","30.6","2BC","2020-10-04","2020-10-07 10:00:00.000"
"5","40","60.5","cBC","2020-10-06","2020-10-04 10:00:00.000"
