"1","2020-10-03 01:02:34.000"
"2",""
"3","2020-10-01 10:20:30.000"
