"5","40","60.5","cBC","2020-10-06","2020-10-04 10:00:00.000"
"4","50","80.4","1BC","2020-10-05","2020-10-08 10:00:00.000"
